// Jest Snapshot v1, https://goo.gl/fbAQLP

exports[`expect CustomButton render 1`] = `<styled.button />`;
