// Jest Snapshot v1, https://goo.gl/fbAQLP

exports[`should render directory 1`] = `<styled.div />`;
