// Jest Snapshot v1, https://goo.gl/fbAQLP

exports[`CollectionItem component should render CollectionItem component 1`] = `
<styled.div>
  <ImageContainer
    imageUrl="www.testImage.com"
  />
  <CollectionFooterContainer>
    <NameContainer>
      black hat
    </NameContainer>
    <PriceContainer>
      10
    </PriceContainer>
  </CollectionFooterContainer>
  <CustomButtonContainer
    inverted={true}
    onClick={[Function]}
  >
    Add to cart
  </CustomButtonContainer>
</styled.div>
`;
